BL51 BANKED LINKER/LOCATER V6.22                                                        08/25/2013  12:48:37  PAGE 1


BL51 BANKED LINKER/LOCATER V6.22, INVOKED BY:
D:\PROGRAM FILES (X86)\KEIL\C51\BIN\BL51.EXE main.obj, .\comm.obj, .\serial.obj, .\keyBoard.obj, lcd12864.obj, .\SD.obj 
>> TO 1602test RAMSIZE (256)


MEMORY MODEL: SMALL WITH FLOATING POINT ARITHMETIC


INPUT MODULES INCLUDED:
  main.obj (MAIN)
  .\comm.obj (COMM)
  .\serial.obj (SERIAL)
  .\keyBoard.obj (KEYBOARD)
  lcd12864.obj (LCD12864)
  .\SD.obj (SD)
  D:\PROGRAM FILES (X86)\KEIL\C51\LIB\C51FPS.LIB (?C?FPADD)
  D:\PROGRAM FILES (X86)\KEIL\C51\LIB\C51FPS.LIB (?C?FPMUL)
  D:\PROGRAM FILES (X86)\KEIL\C51\LIB\C51FPS.LIB (?C?FPCMP)
  D:\PROGRAM FILES (X86)\KEIL\C51\LIB\C51FPS.LIB (?C?FPNEG)
  D:\PROGRAM FILES (X86)\KEIL\C51\LIB\C51FPS.LIB (?C?FCAST)
  D:\PROGRAM FILES (X86)\KEIL\C51\LIB\C51FPS.LIB (?C?CASTF)
  D:\PROGRAM FILES (X86)\KEIL\C51\LIB\C51FPS.LIB (?C?FPGETOPN)
  D:\PROGRAM FILES (X86)\KEIL\C51\LIB\C51S.LIB (?C_STARTUP)
  D:\PROGRAM FILES (X86)\KEIL\C51\LIB\C51S.LIB (?C?CLDPTR)
  D:\PROGRAM FILES (X86)\KEIL\C51\LIB\C51S.LIB (?C?CLDOPTR)
  D:\PROGRAM FILES (X86)\KEIL\C51\LIB\C51S.LIB (?C?CILDOPTR)
  D:\PROGRAM FILES (X86)\KEIL\C51\LIB\C51S.LIB (?C?CSTPTR)
  D:\PROGRAM FILES (X86)\KEIL\C51\LIB\C51S.LIB (?C?CSTOPTR)
  D:\PROGRAM FILES (X86)\KEIL\C51\LIB\C51S.LIB (?C?IMUL)
  D:\PROGRAM FILES (X86)\KEIL\C51\LIB\C51S.LIB (?C?UIDIV)
  D:\PROGRAM FILES (X86)\KEIL\C51\LIB\C51S.LIB (?C?LMUL)
  D:\PROGRAM FILES (X86)\KEIL\C51\LIB\C51S.LIB (?C?ULDIV)
  D:\PROGRAM FILES (X86)\KEIL\C51\LIB\C51S.LIB (?C?SLDIV)
  D:\PROGRAM FILES (X86)\KEIL\C51\LIB\C51S.LIB (?C?LNEG)
  D:\PROGRAM FILES (X86)\KEIL\C51\LIB\C51S.LIB (?C?ULCMP)
  D:\PROGRAM FILES (X86)\KEIL\C51\LIB\C51S.LIB (?C?ULSHR)
  D:\PROGRAM FILES (X86)\KEIL\C51\LIB\C51S.LIB (?C?LSHL)
  D:\PROGRAM FILES (X86)\KEIL\C51\LIB\C51S.LIB (?C?LSTPTR)
  D:\PROGRAM FILES (X86)\KEIL\C51\LIB\C51S.LIB (?C_INIT)
  D:\PROGRAM FILES (X86)\KEIL\C51\LIB\C51S.LIB (?C?LSTIDATA)
  D:\PROGRAM FILES (X86)\KEIL\C51\LIB\C51S.LIB (?C?LSTXDATA)
  D:\PROGRAM FILES (X86)\KEIL\C51\LIB\C51S.LIB (?C?LSTPDATA)


LINK MAP OF MODULE:  1602test (MAIN)


            TYPE    BASE      LENGTH    RELOCATION   SEGMENT NAME
            -----------------------------------------------------

            * * * * * * *   D A T A   M E M O R Y   * * * * * * *
            REG     0000H     0008H     ABSOLUTE     "REG BANK 0"
            DATA    0008H     0017H     UNIT         ?DT?_SD_READCAPACITY?SD
            DATA    001FH     0001H     UNIT         ?DT?LCD12864
            BIT     0020H.0   0000H.2   UNIT         _BIT_GROUP_
            BIT     0020H.2   0000H.1   UNIT         ?BI?_LCD_MENU?LCD12864
                    0020H.3   0000H.5                *** GAP ***
            DATA    0021H     001FH     UNIT         _DATA_GROUP_
BL51 BANKED LINKER/LOCATER V6.22                                                      08/25/2013  12:48:37  PAGE 2


            DATA    0040H     000AH     UNIT         ?DT?_LCD_INPUT_LONG?LCD12864
            DATA    004AH     0009H     UNIT         ?DT?_LCD_INPUT_FLOAT?LCD12864
            DATA    0053H     0008H     UNIT         ?DT?_LCD_MENU?LCD12864
            DATA    005BH     0008H     UNIT         ?DT?_SD_WRITEBLOCK?SD
            DATA    0063H     0007H     UNIT         ?DT?_SEND_FLOAT?SERIAL
            DATA    006AH     0004H     UNIT         ?DT?_SEND_UINT?SERIAL
            DATA    006EH     0004H     UNIT         ?DT?_SEND_INT?SERIAL
            DATA    0072H     0003H     UNIT         ?DT?_LCD_INPUT_STR?LCD12864
            DATA    0075H     0003H     UNIT         ?DT?_LCD_DRAWSUBLINE?LCD12864
            DATA    0078H     0002H     UNIT         ?DT?_LCD12864_WRITEDATA2?LCD12864
            IDATA   007AH     0001H     UNIT         ?STACK

            * * * * * * *  X D A T A   M E M O R Y  * * * * * * *
            XDATA   0000H     040BH     UNIT         ?XD?MAIN
            XDATA   040BH     0002H     UNIT         ?XD?KEYBOARD

            * * * * * * *   C O D E   M E M O R Y   * * * * * * *
            CODE    0000H     0003H     ABSOLUTE     
            CODE    0003H     05EFH     UNIT         ?C?LIB_CODE
            CODE    05F2H     0510H     UNIT         ?CO?LCD12864
            CODE    0B02H     0211H     UNIT         ?PR?MAIN?MAIN
            CODE    0D13H     0148H     UNIT         ?PR?_LCD_MENU?LCD12864
            CODE    0E5BH     0135H     UNIT         ?PR?_LCD_DRAWPICTURE?LCD12864
            CODE    0F90H     011EH     UNIT         ?CO?MAIN
            CODE    10AEH     0117H     UNIT         ?PR?_LCD_INPUT_LONG?LCD12864
            CODE    11C5H     0107H     UNIT         ?PR?_SD_READCAPACITY?SD
            CODE    12CCH     0106H     UNIT         ?PR?_LCD_INPUT_FLOAT?LCD12864
            CODE    13D2H     00F5H     UNIT         ?PR?_LCD_DIALOG?LCD12864
            CODE    14C7H     00F3H     UNIT         ?PR?_SEND_LONG?SERIAL
            CODE    15BAH     00EEH     UNIT         ?PR?_SEND_FLOAT?SERIAL
            CODE    16A8H     00D5H     UNIT         ?PR?_SEND_ULONG?SERIAL
            CODE    177DH     00C6H     UNIT         ?PR?_LCD_CHANGESTRING?LCD12864
            CODE    1843H     00B7H     UNIT         ?PR?_SD_READBLOCK?SD
            CODE    18FAH     00B3H     UNIT         ?PR?_READBMP?MAIN
            CODE    19ADH     00B0H     UNIT         ?PR?_SETINTERRUPTPRIORITY?COMM
            CODE    1A5DH     00ACH     UNIT         ?PR?_SEND_INT?SERIAL
            CODE    1B09H     00A3H     UNIT         ?PR?SD_INIT?SD
            CODE    1BACH     0093H     UNIT         ?PR?_SEND_UINT?SERIAL
            CODE    1C3FH     0092H     UNIT         ?PR?_SD_WRITEBLOCK?SD
            CODE    1CD1H     008CH     UNIT         ?C_C51STARTUP
            CODE    1D5DH     008BH     UNIT         ?PR?_WAITFORKEY?KEYBOARD
            CODE    1DE8H     006CH     UNIT         ?PR?_SEND_WEEK?SERIAL
            CODE    1E54H     0049H     UNIT         ?CO?SERIAL
            CODE    1E9DH     0048H     UNIT         ?PR?_SD_SENDCOMMAND?SD
            CODE    1EE5H     0044H     UNIT         ?C?LDIV
            CODE    1F29H     0043H     UNIT         ?PR?_KEYSCAN?KEYBOARD
            CODE    1F6CH     003FH     UNIT         ?PR?_KEYPRESSED?KEYBOARD
            CODE    1FABH     0039H     UNIT         ?PR?_LCD_DISPLAY_STR?LCD12864
            CODE    1FE4H     0035H     UNIT         ?PR?_LCD_MESSAGEBOX?LCD12864
            CODE    2019H     0031H     UNIT         ?PR?_LCD12864_WRITEDATA2?LCD12864
            CODE    204AH     0030H     UNIT         ?PR?_LCD12864_WRITECOMMAND?LCD12864
            CODE    207AH     002FH     UNIT         ?PR?_SD_WRITEBYTE?SD
            CODE    20A9H     002EH     UNIT         ?PR?_LCD_INPUT_STR?LCD12864
            CODE    20D7H     0026H     UNIT         ?PR?_LCD12864_WRITEDATA?LCD12864
            CODE    20FDH     0026H     UNIT         ?PR?_LCD_DRAWSUBLINE?LCD12864
            CODE    2123H     0021H     UNIT         ?PR?_LCD_LOCATE?LCD12864
            CODE    2144H     001FH     UNIT         ?PR?LCD_INIT?LCD12864
BL51 BANKED LINKER/LOCATER V6.22                                                      08/25/2013  12:48:37  PAGE 3


            CODE    2163H     001DH     UNIT         ?C_INITSEG
            CODE    2180H     0019H     UNIT         ?PR?LCD12864_READDATA?LCD12864
            CODE    2199H     0018H     UNIT         ?PR?_DELAY?COMM
            CODE    21B1H     0017H     UNIT         ?PR?LCD_CLEARSUBLINE?LCD12864
            CODE    21C8H     0015H     UNIT         ?PR?_KEYDOWN?KEYBOARD
            CODE    21DDH     0013H     UNIT         ?PR?_SEND?SERIAL
            CODE    21F0H     0013H     UNIT         ?PR?_SEND_STR?SERIAL
            CODE    2203H     0012H     UNIT         ?PR?SERIAL_INIT?SERIAL
            CODE    2215H     0011H     UNIT         ?PR?_KEYUP?KEYBOARD
            CODE    2226H     0011H     UNIT         ?PR?_KEYPRESS?KEYBOARD
            CODE    2237H     000FH     UNIT         ?CO?KEYBOARD
            CODE    2246H     000DH     UNIT         ?PR?LCD_DRAWMODE?LCD12864
            CODE    2253H     000CH     UNIT         ?PR?LCD_CLEAR?LCD12864
            CODE    225FH     000BH     UNIT         ?PR?_DELAYUS?COMM
            CODE    226AH     0009H     UNIT         ?PR?SEND_LN?SERIAL
            CODE    2273H     0009H     UNIT         ?PR?SEND_TAB?SERIAL



OVERLAY MAP OF MODULE:   1602test (MAIN)


SEGMENT                                        BIT_GROUP          DATA_GROUP 
  +--> CALLED SEGMENT                       START    LENGTH     START    LENGTH
-------------------------------------------------------------------------------
?C_C51STARTUP                               -----    -----      -----    -----
  +--> ?PR?MAIN?MAIN
  +--> ?C_INITSEG

?PR?MAIN?MAIN                               -----    -----      0021H    0009H
  +--> ?PR?LCD_INIT?LCD12864
  +--> ?PR?_DELAY?COMM
  +--> ?PR?SERIAL_INIT?SERIAL
  +--> ?CO?MAIN
  +--> ?PR?_LCD_MESSAGEBOX?LCD12864
  +--> ?PR?_LCD_DIALOG?LCD12864
  +--> ?PR?SD_INIT?SD
  +--> ?PR?_SEND_STR?SERIAL
  +--> ?PR?_SEND_LONG?SERIAL
  +--> ?PR?_SEND_ULONG?SERIAL
  +--> ?PR?SEND_LN?SERIAL
  +--> ?PR?_LCD_DISPLAY_STR?LCD12864
  +--> ?PR?LCD_DRAWMODE?LCD12864
  +--> ?PR?_READBMP?MAIN
  +--> ?PR?_LCD_DRAWPICTURE?LCD12864
  +--> ?PR?_LCD_CHANGESTRING?LCD12864

?PR?LCD_INIT?LCD12864                       -----    -----      -----    -----
  +--> ?PR?_LCD12864_WRITECOMMAND?LCD12864
  +--> ?PR?_DELAY?COMM

?PR?_LCD12864_WRITECOMMAND?LCD12864         -----    -----      -----    -----
  +--> ?PR?_DELAYUS?COMM

?PR?_DELAY?COMM                             -----    -----      -----    -----
  +--> ?PR?_DELAYUS?COMM

BL51 BANKED LINKER/LOCATER V6.22                                                      08/25/2013  12:48:37  PAGE 4


?PR?_LCD_MESSAGEBOX?LCD12864                -----    -----      002AH    0006H
  +--> ?PR?LCD_CLEAR?LCD12864
  +--> ?PR?_LCD_DISPLAY_STR?LCD12864
  +--> ?PR?_WAITFORKEY?KEYBOARD
  +--> ?PR?_DELAY?COMM

?PR?LCD_CLEAR?LCD12864                      -----    -----      -----    -----
  +--> ?PR?_LCD12864_WRITECOMMAND?LCD12864
  +--> ?PR?_DELAY?COMM

?PR?_LCD_DISPLAY_STR?LCD12864               -----    -----      0034H    0003H
  +--> ?CO?LCD12864
  +--> ?PR?_LCD_LOCATE?LCD12864
  +--> ?PR?_LCD12864_WRITEDATA?LCD12864

?PR?_LCD_LOCATE?LCD12864                    -----    -----      0037H    0003H
  +--> ?PR?_LCD12864_WRITECOMMAND?LCD12864
  +--> ?PR?LCD12864_READDATA?LCD12864
  +--> ?PR?_LCD12864_WRITEDATA?LCD12864

?PR?LCD12864_READDATA?LCD12864              -----    -----      -----    -----
  +--> ?PR?_DELAYUS?COMM

?PR?_LCD12864_WRITEDATA?LCD12864            -----    -----      -----    -----
  +--> ?PR?_DELAYUS?COMM

?PR?_WAITFORKEY?KEYBOARD                    0020H.1  0000H.1    0033H    0004H
  +--> ?PR?_KEYSCAN?KEYBOARD
  +--> ?CO?KEYBOARD
  +--> ?PR?_SEND_STR?SERIAL
  +--> ?PR?_SEND_LONG?SERIAL
  +--> ?PR?_SEND_ULONG?SERIAL
  +--> ?PR?SEND_LN?SERIAL

?PR?_KEYSCAN?KEYBOARD                       -----    -----      0037H    0002H
  +--> ?PR?_KEYPRESSED?KEYBOARD

?PR?_SEND_STR?SERIAL                        -----    -----      -----    -----
  +--> ?PR?_SEND?SERIAL

?PR?_SEND_LONG?SERIAL                       -----    -----      0037H    0008H
  +--> ?PR?_SEND?SERIAL

?PR?_SEND_ULONG?SERIAL                      -----    -----      0037H    0008H
  +--> ?PR?_SEND?SERIAL

?PR?SEND_LN?SERIAL                          -----    -----      -----    -----
  +--> ?CO?SERIAL
  +--> ?PR?_SEND_STR?SERIAL

?PR?_LCD_DIALOG?LCD12864                    0020H.0  0000H.1    002AH    0009H
  +--> ?PR?LCD_CLEAR?LCD12864
  +--> ?CO?LCD12864
  +--> ?PR?_LCD_DISPLAY_STR?LCD12864
  +--> ?PR?_WAITFORKEY?KEYBOARD
  +--> ?PR?_DELAY?COMM

BL51 BANKED LINKER/LOCATER V6.22                                                      08/25/2013  12:48:37  PAGE 5


?PR?SD_INIT?SD                              -----    -----      -----    -----
  +--> ?PR?_SD_WRITEBYTE?SD
  +--> ?PR?_SD_SENDCOMMAND?SD

?PR?_SD_SENDCOMMAND?SD                      -----    -----      003BH    0005H
  +--> ?PR?_SD_WRITEBYTE?SD

?PR?LCD_DRAWMODE?LCD12864                   -----    -----      -----    -----
  +--> ?PR?LCD_CLEAR?LCD12864
  +--> ?PR?_LCD12864_WRITECOMMAND?LCD12864

?PR?_READBMP?MAIN                           -----    -----      002AH    0006H
  +--> ?PR?_SD_READBLOCK?SD

?PR?_SD_READBLOCK?SD                        -----    -----      0030H    000BH
  +--> ?PR?_SD_SENDCOMMAND?SD
  +--> ?PR?_SD_WRITEBYTE?SD

?PR?_LCD_DRAWPICTURE?LCD12864               -----    -----      002AH    000AH
  +--> ?PR?LCD_CLEARSUBLINE?LCD12864
  +--> ?PR?_DELAYUS?COMM
  +--> ?PR?_DELAY?COMM

?PR?LCD_CLEARSUBLINE?LCD12864               -----    -----      -----    -----
  +--> ?PR?_LCD12864_WRITECOMMAND?LCD12864
  +--> ?CO?LCD12864
  +--> ?PR?_LCD_DISPLAY_STR?LCD12864

?PR?_LCD_CHANGESTRING?LCD12864              -----    -----      002AH    0009H
  +--> ?PR?LCD_CLEAR?LCD12864
  +--> ?PR?_LCD_DISPLAY_STR?LCD12864
  +--> ?PR?_LCD_LOCATE?LCD12864
  +--> ?PR?_LCD12864_WRITEDATA?LCD12864
  +--> ?PR?_LCD12864_WRITECOMMAND?LCD12864
  +--> ?PR?_WAITFORKEY?KEYBOARD
  +--> ?PR?_DELAY?COMM



SYMBOL TABLE OF MODULE:  1602test (MAIN)

  VALUE           TYPE          NAME
  ----------------------------------

  -------         MODULE        MAIN
  C:0000H         SYMBOL        _ICE_DUMMY_
  D:0090H         PUBLIC        P1
  D:00A0H         PUBLIC        P2
  D:00A8H         PUBLIC        IE
  D:00B8H         PUBLIC        IP
  X:0000H         PUBLIC        name
  D:00D8H         PUBLIC        CCON
  C:0B02H         PUBLIC        main
  X:0005H         PUBLIC        age
  X:000AH         PUBLIC        clow_card
  D:0098H         PUBLIC        SCON
  X:000BH         PUBLIC        SDPic
BL51 BANKED LINKER/LOCATER V6.22                                                      08/25/2013  12:48:37  PAGE 6


  D:0088H         PUBLIC        TCON
  C:18FAH         PUBLIC        _ReadBMP
  D:00D0H         PUBLIC        PSW
  -------         PROC          _READBMP
  D:002AH         SYMBOL        SD_Sector
  -------         DO            
  D:0006H         SYMBOL        x
  D:002EH         SYMBOL        y
  -------         ENDDO         
  C:18FAH         LINE#         23
  C:1902H         LINE#         24
  C:1903H         LINE#         25
  C:1907H         LINE#         28
  C:190BH         LINE#         29
  C:190BH         LINE#         30
  C:1919H         LINE#         31
  C:1919H         LINE#         33
  C:1930H         LINE#         34
  C:1932H         LINE#         35
  C:194FH         LINE#         36
  C:194FH         LINE#         51
  C:1964H         LINE#         52
  C:197EH         LINE#         66
  C:1993H         LINE#         68
  -------         ENDPROC       _READBMP
  -------         PROC          MAIN
  -------         DO            
  D:0021H         SYMBOL        i
  D:0023H         SYMBOL        p1
  D:0026H         SYMBOL        SD_Sector
  -------         ENDDO         
  C:0B02H         LINE#         83
  C:0B02H         LINE#         87
  C:0B05H         LINE#         89
  C:0B0CH         LINE#         90
  C:0B0FH         LINE#         93
  C:0B18H         LINE#         94
  C:0B2AH         LINE#         95
  C:0B47H         LINE#         96
  C:0B53H         LINE#         97
  C:0B55H         LINE#         98
  C:0B60H         LINE#         99
  C:0B60H         LINE#         100
  C:0B68H         LINE#         101
  C:0B93H         LINE#         102
  C:0B9FH         LINE#         103
  C:0BA6H         LINE#         104
  C:0BA9H         LINE#         105
  C:0BAEH         LINE#         106
  C:0BB9H         LINE#         107
  C:0BC6H         LINE#         108
  C:0BDBH         LINE#         110
  C:0BECH         LINE#         111
  C:0BF3H         LINE#         114
  C:0C0BH         LINE#         115
  C:0C1DH         LINE#         116
  C:0C3AH         LINE#         118
BL51 BANKED LINKER/LOCATER V6.22                                                      08/25/2013  12:48:37  PAGE 7


  C:0C57H         LINE#         119
  C:0C66H         LINE#         120
  C:0C68H         LINE#         121
  C:0C7AH         LINE#         122
  C:0C7AH         LINE#         123
  C:0C92H         LINE#         124
  C:0C94H         LINE#         125
  C:0CA6H         LINE#         126
  C:0CB8H         LINE#         127
  C:0CD5H         LINE#         128
  C:0CE4H         LINE#         129
  C:0CE6H         LINE#         130
  C:0CF8H         LINE#         131
  C:0CF8H         LINE#         133
  C:0CF8H         LINE#         134
  -------         ENDPROC       MAIN
  -------         ENDMOD        MAIN

  -------         MODULE        COMM
  C:0000H         SYMBOL        _ICE_DUMMY_
  D:00A8H         PUBLIC        IE
  C:2199H         PUBLIC        _delay
  B:00B8H.5       PUBLIC        PADC
  D:00B8H         PUBLIC        IP
  B:00B8H.4       PUBLIC        PS
  D:00D8H         PUBLIC        CCON
  B:00B8H.7       PUBLIC        PPCA
  D:0098H         PUBLIC        SCON
  D:0088H         PUBLIC        TCON
  B:00B8H.6       PUBLIC        PLVD
  B:00B8H.1       PUBLIC        PT0
  B:00B8H.3       PUBLIC        PT1
  B:00B8H.0       PUBLIC        PX0
  B:00B8H.2       PUBLIC        PX1
  D:00B7H         PUBLIC        IPH
  C:19ADH         PUBLIC        _SetInterruptPriority
  D:00D0H         PUBLIC        PSW
  C:225FH         PUBLIC        _delayus
  -------         PROC          _DELAYUS
  D:0006H         SYMBOL        time
  C:225FH         LINE#         2
  C:225FH         LINE#         3
  C:2269H         LINE#         4
  -------         ENDPROC       _DELAYUS
  -------         PROC          _DELAY
  D:0002H         SYMBOL        time
  C:2199H         LINE#         5
  C:219DH         LINE#         6
  C:21A7H         LINE#         7
  C:21AEH         LINE#         8
  C:21B0H         LINE#         9
  -------         ENDPROC       _DELAY
  -------         PROC          _SETINTERRUPTPRIORITY
  D:0007H         SYMBOL        ID_Interrupt
  D:0005H         SYMBOL        Priority
  C:19ADH         LINE#         13
  C:19ADH         LINE#         14
BL51 BANKED LINKER/LOCATER V6.22                                                      08/25/2013  12:48:37  PAGE 8


  C:19D5H         LINE#         15
  C:19E6H         LINE#         16
  C:19F7H         LINE#         17
  C:1A08H         LINE#         18
  C:1A19H         LINE#         19
  C:1A2AH         LINE#         20
  C:1A3BH         LINE#         21
  C:1A4CH         LINE#         22
  C:1A5CH         LINE#         26
  C:1A5CH         LINE#         27
  C:1A5CH         LINE#         28
  -------         ENDPROC       _SETINTERRUPTPRIORITY
  -------         ENDMOD        COMM

  -------         MODULE        SERIAL
  C:0000H         SYMBOL        _ICE_DUMMY_
  D:00A8H         PUBLIC        IE
  D:00B8H         PUBLIC        IP
  B:0098H.1       PUBLIC        TI
  D:00D8H         PUBLIC        CCON
  C:15BAH         PUBLIC        _send_float
  C:21E4H         PUBLIC        _send
  D:0099H         PUBLIC        SBUF
  D:0087H         PUBLIC        PCON
  D:0098H         PUBLIC        SCON
  C:16A8H         PUBLIC        _send_ulong
  D:0089H         PUBLIC        TMOD
  D:0088H         PUBLIC        TCON
  C:1DE8H         PUBLIC        _send_week
  C:14C7H         PUBLIC        _send_long
  C:2273H         PUBLIC        send_tab
  D:008DH         PUBLIC        TH1
  C:1BACH         PUBLIC        _send_uint
  D:008BH         PUBLIC        TL1
  B:0088H.4       PUBLIC        TR0
  B:0088H.6       PUBLIC        TR1
  C:1A5DH         PUBLIC        _send_int
  C:2203H         PUBLIC        Serial_Init
  C:226AH         PUBLIC        send_ln
  C:21F0H         PUBLIC        _send_str
  D:00D0H         PUBLIC        PSW
  -------         PROC          SERIAL_INIT
  C:2203H         LINE#         3
  C:2203H         LINE#         5
  C:2206H         LINE#         6
  C:2209H         LINE#         7
  C:220CH         LINE#         8
  C:220FH         LINE#         9
  C:2212H         LINE#         10
  C:2214H         LINE#         16
  -------         ENDPROC       SERIAL_INIT
  C:21E0H         SYMBOL        L?0083
  -------         PROC          L?0082
  -------         ENDPROC       L?0082
  C:21E0H         SYMBOL        L?0083
  -------         PROC          _SEND
  D:0007H         SYMBOL        s
BL51 BANKED LINKER/LOCATER V6.22                                                      08/25/2013  12:48:37  PAGE 9


  C:21E4H         LINE#         18
  C:21E4H         LINE#         19
  C:21E6H         LINE#         20
  C:21E8H         LINE#         21
  C:21EBH         LINE#         22
  C:21EDH         LINE#         23
  C:21EFH         LINE#         24
  -------         ENDPROC       _SEND
  -------         PROC          _SEND_STR
  D:0001H         SYMBOL        pd
  C:21F0H         LINE#         25
  C:21F0H         LINE#         26
  C:21F0H         LINE#         27
  C:21F6H         LINE#         28
  C:21F6H         LINE#         29
  C:21F9H         LINE#         30
  C:2200H         LINE#         31
  C:2202H         LINE#         32
  -------         ENDPROC       _SEND_STR
  -------         PROC          SEND_LN
  C:226AH         LINE#         33
  C:226AH         LINE#         34
  C:226AH         LINE#         35
  -------         ENDPROC       SEND_LN
  -------         PROC          SEND_TAB
  C:2273H         LINE#         37
  C:2273H         LINE#         38
  C:2273H         LINE#         40
  -------         ENDPROC       SEND_TAB
  -------         PROC          _SEND_UINT
  D:006AH         SYMBOL        num
  -------         DO            
  D:006CH         SYMBOL        temp
  D:0002H         SYMBOL        i
  D:0082H         SYMBOL        j
  -------         ENDDO         
  C:1BACH         LINE#         42
  C:1BB0H         LINE#         43
  C:1BB0H         LINE#         45
  C:1BB3H         LINE#         46
  C:1BB9H         LINE#         47
  C:1BB9H         LINE#         48
  C:1BC8H         LINE#         49
  C:1BCDH         LINE#         50
  C:1BD8H         LINE#         51
  C:1BE1H         LINE#         52
  C:1BE5H         LINE#         53
  C:1BEBH         LINE#         54
  C:1C0FH         LINE#         55
  C:1C1AH         LINE#         56
  C:1C37H         LINE#         57
  C:1C3CH         LINE#         58
  C:1C3EH         LINE#         59
  -------         ENDPROC       _SEND_UINT
  -------         PROC          _SEND_INT
  D:006EH         SYMBOL        num
  -------         DO            
BL51 BANKED LINKER/LOCATER V6.22                                                      08/25/2013  12:48:37  PAGE 10


  D:0070H         SYMBOL        temp
  D:0002H         SYMBOL        i
  D:0082H         SYMBOL        j
  -------         ENDDO         
  C:1A5DH         LINE#         60
  C:1A61H         LINE#         61
  C:1A61H         LINE#         63
  C:1A64H         LINE#         64
  C:1A7DH         LINE#         65
  C:1A83H         LINE#         66
  C:1A83H         LINE#         67
  C:1A92H         LINE#         68
  C:1A97H         LINE#         69
  C:1AA2H         LINE#         70
  C:1AABH         LINE#         71
  C:1AAFH         LINE#         72
  C:1AB5H         LINE#         73
  C:1AD9H         LINE#         74
  C:1AE4H         LINE#         75
  C:1B01H         LINE#         76
  C:1B06H         LINE#         77
  C:1B08H         LINE#         78
  -------         ENDPROC       _SEND_INT
  -------         PROC          _SEND_ULONG
  D:0037H         SYMBOL        num
  -------         DO            
  D:003BH         SYMBOL        temp
  D:003DH         SYMBOL        i
  D:0002H         SYMBOL        j
  -------         ENDDO         
  C:16A8H         LINE#         79
  C:16B0H         LINE#         80
  C:16B0H         LINE#         82
  C:16B5H         LINE#         83
  C:16B9H         LINE#         84
  C:16B9H         LINE#         85
  C:16C8H         LINE#         86
  C:16D0H         LINE#         87
  C:16DBH         LINE#         88
  C:16E9H         LINE#         89
  C:16EDH         LINE#         90
  C:16F3H         LINE#         91
  C:1712H         LINE#         92
  C:172BH         LINE#         93
  C:176EH         LINE#         94
  C:1779H         LINE#         95
  C:177CH         LINE#         96
  -------         ENDPROC       _SEND_ULONG
  -------         PROC          _SEND_LONG
  D:0037H         SYMBOL        num
  -------         DO            
  D:003BH         SYMBOL        temp
  D:003DH         SYMBOL        i
  D:0002H         SYMBOL        j
  -------         ENDDO         
  C:14C7H         LINE#         97
  C:14CFH         LINE#         98
BL51 BANKED LINKER/LOCATER V6.22                                                      08/25/2013  12:48:37  PAGE 11


  C:14CFH         LINE#         100
  C:14D4H         LINE#         101
  C:14F0H         LINE#         102
  C:14F6H         LINE#         103
  C:14F6H         LINE#         104
  C:1505H         LINE#         105
  C:150DH         LINE#         106
  C:1518H         LINE#         107
  C:1526H         LINE#         108
  C:152AH         LINE#         109
  C:1530H         LINE#         110
  C:154FH         LINE#         111
  C:1568H         LINE#         112
  C:15ABH         LINE#         113
  C:15B6H         LINE#         114
  C:15B9H         LINE#         115
  -------         ENDPROC       _SEND_LONG
  -------         PROC          _SEND_FLOAT
  D:0063H         SYMBOL        num
  D:0067H         SYMBOL        precise
  -------         DO            
  D:0068H         SYMBOL        temp
  -------         ENDDO         
  C:15BAH         LINE#         116
  C:15C2H         LINE#         117
  C:15C2H         LINE#         119
  C:15ECH         LINE#         120
  C:1600H         LINE#         121
  C:160FH         LINE#         122
  C:1612H         LINE#         123
  C:1645H         LINE#         124
  C:1647H         LINE#         125
  C:1649H         LINE#         126
  C:164EH         LINE#         127
  C:164EH         LINE#         128
  C:1653H         LINE#         129
  C:165DH         LINE#         130
  C:1664H         LINE#         131
  C:1666H         LINE#         132
  C:1675H         LINE#         133
  C:1678H         LINE#         134
  C:16A5H         LINE#         135
  C:16A7H         LINE#         136
  -------         ENDPROC       _SEND_FLOAT
  -------         PROC          _SEND_WEEK
  D:0007H         SYMBOL        week
  C:1DE8H         LINE#         137
  C:1DE8H         LINE#         138
  C:1E12H         LINE#         139
  C:1E1AH         LINE#         140
  C:1E22H         LINE#         141
  C:1E2AH         LINE#         142
  C:1E32H         LINE#         143
  C:1E3AH         LINE#         144
  C:1E42H         LINE#         145
  C:1E4AH         LINE#         146
  C:1E53H         LINE#         147
BL51 BANKED LINKER/LOCATER V6.22                                                      08/25/2013  12:48:37  PAGE 12


  C:1E53H         LINE#         148
  -------         ENDPROC       _SEND_WEEK
  -------         ENDMOD        SERIAL

  -------         MODULE        KEYBOARD
  C:0000H         SYMBOL        _ICE_DUMMY_
  D:00B0H         PUBLIC        P3
  C:1D5DH         PUBLIC        _waitForKey
  D:00A8H         PUBLIC        IE
  C:2215H         PUBLIC        _keyUp
  D:00B8H         PUBLIC        IP
  D:00D8H         PUBLIC        CCON
  C:1F6CH         PUBLIC        _keyPressed
  D:0098H         PUBLIC        SCON
  D:0088H         PUBLIC        TCON
  C:1F2DH         PUBLIC        _keyScan
  C:2226H         PUBLIC        _keyPress
  X:040BH         PUBLIC        KEY_Last
  C:21C8H         PUBLIC        _keyDown
  D:00D0H         PUBLIC        PSW
  -------         PROC          _KEYPRESSED
  D:0007H         SYMBOL        key_index
  C:1F6CH         LINE#         24
  C:1F6CH         LINE#         25
  C:1F6DH         LINE#         26
  C:1F81H         LINE#         27
  C:1FA7H         LINE#         29
  C:1FA9H         LINE#         30
  C:1FA9H         LINE#         31
  C:1FAAH         LINE#         32
  -------         ENDPROC       _KEYPRESSED
  -------         PROC          _KEYDOWN
  D:0003H         SYMBOL        key_index
  -------         DO            
  D:0002H         SYMBOL        smoothing_count
  -------         ENDDO         
  C:21C8H         LINE#         33
  C:21CAH         LINE#         35
  C:21CCH         LINE#         36
  C:21D3H         LINE#         37
  C:21D4H         LINE#         39
  C:21D9H         LINE#         40
  C:21DBH         LINE#         41
  C:21DBH         LINE#         43
  C:21DBH         LINE#         44
  C:21DCH         LINE#         45
  -------         ENDPROC       _KEYDOWN
  -------         PROC          _KEYUP
  D:0003H         SYMBOL        key_index
  C:2215H         LINE#         46
  C:2217H         LINE#         47
  C:221CH         LINE#         48
  C:221DH         LINE#         49
  C:221DH         LINE#         50
  C:2224H         LINE#         51
  C:2225H         LINE#         52
  -------         ENDPROC       _KEYUP
BL51 BANKED LINKER/LOCATER V6.22                                                      08/25/2013  12:48:37  PAGE 13


  -------         PROC          _KEYPRESS
  D:0001H         SYMBOL        key_index
  C:2226H         LINE#         53
  C:2228H         LINE#         54
  C:2235H         LINE#         55
  C:2236H         LINE#         56
  -------         ENDPROC       _KEYPRESS
  C:1F29H         SYMBOL        L?0044
  -------         PROC          L?0043
  -------         ENDPROC       L?0043
  C:1F29H         SYMBOL        L?0044
  -------         PROC          _KEYSCAN
  D:0002H         SYMBOL        key_state
  -------         DO            
  D:0001H         SYMBOL        i
  D:0037H         SYMBOL        temp_scan
  -------         ENDDO         
  C:1F2DH         LINE#         57
  C:1F31H         LINE#         58
  C:1F33H         LINE#         59
  C:1F38H         LINE#         60
  C:1F39H         LINE#         62
  C:1F43H         LINE#         63
  C:1F4AH         LINE#         65
  C:1F4AH         LINE#         66
  C:1F58H         LINE#         67
  C:1F58H         LINE#         68
  C:1F58H         LINE#         69
  C:1F63H         LINE#         71
  C:1F67H         LINE#         72
  C:1F6BH         LINE#         74
  -------         ENDPROC       _KEYSCAN
  -------         PROC          _WAITFORKEY
  D:0033H         SYMBOL        key_state
  B:0020H.1       SYMBOL        waitForAll
  -------         DO            
  D:0035H         SYMBOL        temp_state
  -------         ENDDO         
  C:1D5DH         LINE#         75
  C:1D61H         LINE#         77
  C:1D66H         LINE#         78
  C:1D6CH         LINE#         79
  C:1D72H         LINE#         80
  C:1D79H         LINE#         81
  C:1D7BH         LINE#         83
  C:1D7BH         LINE#         84
  C:1D7EH         LINE#         85
  C:1D8AH         LINE#         86
  C:1D91H         LINE#         87
  C:1D93H         LINE#         88
  C:1D93H         LINE#         89
  C:1DBEH         LINE#         90
  C:1DCAH         LINE#         91
  C:1DD1H         LINE#         93
  C:1DD3H         LINE#         94
  C:1DD3H         LINE#         95
  C:1DD3H         LINE#         96
BL51 BANKED LINKER/LOCATER V6.22                                                      08/25/2013  12:48:37  PAGE 14


  C:1DDAH         LINE#         98
  C:1DE4H         LINE#         99
  C:1DE7H         LINE#         100
  -------         ENDPROC       _WAITFORKEY
  -------         ENDMOD        KEYBOARD

  -------         MODULE        LCD12864
  C:0000H         SYMBOL        _ICE_DUMMY_
  D:0080H         PUBLIC        P0
  C:12CCH         PUBLIC        _Lcd_Input_float
  D:00A0H         PUBLIC        P2
  D:00B0H         PUBLIC        P3
  C:20E7H         PUBLIC        _Lcd12864_WriteData
  B:00A0H.6       PUBLIC        Lcd_EN
  C:1FB3H         PUBLIC        _Lcd_Display_str
  C:2144H         PUBLIC        Lcd_Init
  C:0D13H         PUBLIC        _Lcd_Menu
  C:2246H         PUBLIC        Lcd_DrawMode
  D:00A8H         PUBLIC        IE
  C:21B1H         PUBLIC        Lcd_ClearSubLine
  D:00B8H         PUBLIC        IP
  B:00A0H.4       PUBLIC        Lcd_RS
  C:10AEH         PUBLIC        _Lcd_Input_long
  B:00A0H.5       PUBLIC        Lcd_RW
  D:00D8H         PUBLIC        CCON
  D:0098H         PUBLIC        SCON
  D:0088H         PUBLIC        TCON
  C:2019H         PUBLIC        _Lcd12864_WriteData2
  C:20FDH         PUBLIC        _Lcd_DrawSubLine
  C:20A9H         PUBLIC        _Lcd_Input_str
  C:13D2H         PUBLIC        _Lcd_Dialog
  C:2064H         PUBLIC        _Lcd12864_WriteCommand
  C:212AH         PUBLIC        _Lcd_Locate
  C:177DH         PUBLIC        _Lcd_changeString
  C:2253H         PUBLIC        Lcd_Clear
  D:001FH         PUBLIC        Lcd_SubLineEn
  C:0E5BH         PUBLIC        _Lcd_DrawPicture
  C:1FE4H         PUBLIC        _Lcd_MessageBox
  C:2180H         PUBLIC        Lcd12864_ReadData
  D:00D0H         PUBLIC        PSW
  -------         PROC          L?0313
  -------         ENDPROC       L?0313
  -------         PROC          _LCD12864_WRITECOMMAND
  D:0007H         SYMBOL        com
  C:2064H         LINE#         13
  C:2064H         LINE#         14
  C:2066H         LINE#         15
  C:2068H         LINE#         16
  C:206AH         LINE#         17
  C:2071H         LINE#         18
  C:2073H         LINE#         19
  -------         ENDPROC       _LCD12864_WRITECOMMAND
  -------         PROC          L?0314
  -------         ENDPROC       L?0314
  -------         PROC          _LCD12864_WRITEDATA
  D:0007H         SYMBOL        dat
  C:20E7H         LINE#         21
BL51 BANKED LINKER/LOCATER V6.22                                                      08/25/2013  12:48:37  PAGE 15


  C:20E7H         LINE#         22
  C:20E9H         LINE#         23
  C:20EBH         LINE#         24
  C:20EDH         LINE#         25
  C:20F4H         LINE#         26
  C:20F6H         LINE#         27
  -------         ENDPROC       _LCD12864_WRITEDATA
  -------         PROC          _LCD12864_WRITEDATA2
  D:0078H         SYMBOL        dat
  C:2019H         LINE#         29
  C:201DH         LINE#         30
  C:201FH         LINE#         31
  C:2023H         LINE#         32
  C:2025H         LINE#         33
  C:202CH         LINE#         34
  C:202EH         LINE#         35
  C:2031H         LINE#         36
  C:2038H         LINE#         37
  C:203AH         LINE#         38
  C:2041H         LINE#         39
  C:2043H         LINE#         40
  -------         ENDPROC       _LCD12864_WRITEDATA2
  -------         PROC          LCD12864_READDATA
  -------         DO            
  D:0007H         SYMBOL        dat
  -------         ENDDO         
  C:2180H         LINE#         42
  C:2180H         LINE#         44
  C:2182H         LINE#         45
  C:2184H         LINE#         46
  C:2186H         LINE#         47
  C:2189H         LINE#         49
  C:218BH         LINE#         50
  C:2192H         LINE#         51
  C:2194H         LINE#         52
  C:2196H         LINE#         53
  C:2198H         LINE#         54
  C:2198H         LINE#         55
  -------         ENDPROC       LCD12864_READDATA
  -------         PROC          LCD_INIT
  C:2144H         LINE#         56
  C:2144H         LINE#         57
  C:2146H         LINE#         58
  C:2148H         LINE#         59
  C:214DH         LINE#         60
  C:2152H         LINE#         61
  C:2157H         LINE#         62
  C:215CH         LINE#         63
  -------         ENDPROC       LCD_INIT
  -------         PROC          LCD_CLEAR
  C:2253H         LINE#         65
  C:2253H         LINE#         66
  C:2258H         LINE#         67
  -------         ENDPROC       LCD_CLEAR
  -------         PROC          L?0315
  -------         ENDPROC       L?0315
  -------         PROC          _LCD_LOCATE
BL51 BANKED LINKER/LOCATER V6.22                                                      08/25/2013  12:48:37  PAGE 16


  D:0037H         SYMBOL        x
  D:0038H         SYMBOL        y
  -------         DO            
  D:0039H         SYMBOL        temp_data
  -------         ENDDO         
  C:212AH         LINE#         69
  C:212EH         LINE#         71
  C:2131H         LINE#         72
  C:2136H         LINE#         75
  C:213BH         LINE#         76
  C:213EH         LINE#         77
  C:2143H         LINE#         81
  C:2143H         LINE#         83
  -------         ENDPROC       _LCD_LOCATE
  -------         PROC          _LCD_INPUT_STR
  D:0072H         SYMBOL        str
  C:20A9H         LINE#         84
  C:20AFH         LINE#         85
  C:20BAH         LINE#         86
  C:20CBH         LINE#         87
  C:20CDH         LINE#         88
  -------         ENDPROC       _LCD_INPUT_STR
  -------         PROC          L?0312
  -------         ENDPROC       L?0312
  -------         PROC          _LCD_DISPLAY_STR
  D:0007H         SYMBOL        x
  D:0005H         SYMBOL        y
  D:0034H         SYMBOL        str
  C:1FB3H         LINE#         90
  C:1FB9H         LINE#         91
  C:1FBCH         LINE#         92
  C:1FC7H         LINE#         93
  C:1FD8H         LINE#         94
  C:1FDAH         LINE#         95
  -------         ENDPROC       _LCD_DISPLAY_STR
  -------         PROC          _LCD_INPUT_LONG
  D:0040H         SYMBOL        num
  -------         DO            
  D:0044H         SYMBOL        temp
  D:0048H         SYMBOL        i
  D:0082H         SYMBOL        j
  -------         ENDDO         
  C:10AEH         LINE#         97
  C:10B6H         LINE#         98
  C:10B6H         LINE#         101
  C:10BBH         LINE#         102
  C:10D7H         LINE#         103
  C:10E3H         LINE#         104
  C:10E3H         LINE#         105
  C:10FCH         LINE#         106
  C:1104H         LINE#         107
  C:1117H         LINE#         108
  C:1125H         LINE#         109
  C:112BH         LINE#         110
  C:1135H         LINE#         111
  C:1163H         LINE#         112
  C:117DH         LINE#         113
BL51 BANKED LINKER/LOCATER V6.22                                                      08/25/2013  12:48:37  PAGE 17


  C:11B6H         LINE#         114
  C:11C1H         LINE#         115
  C:11C4H         LINE#         116
  -------         ENDPROC       _LCD_INPUT_LONG
  -------         PROC          _LCD_INPUT_FLOAT
  D:004AH         SYMBOL        num
  D:004EH         SYMBOL        precise
  -------         DO            
  D:004FH         SYMBOL        temp
  -------         ENDDO         
  C:12CCH         LINE#         117
  C:12D4H         LINE#         119
  C:12D4H         LINE#         121
  C:12FEH         LINE#         122
  C:1312H         LINE#         123
  C:1325H         LINE#         124
  C:1328H         LINE#         125
  C:135FH         LINE#         126
  C:1361H         LINE#         127
  C:1363H         LINE#         128
  C:1368H         LINE#         129
  C:1368H         LINE#         130
  C:136DH         LINE#         131
  C:1377H         LINE#         132
  C:137EH         LINE#         133
  C:1380H         LINE#         134
  C:1397H         LINE#         135
  C:139EH         LINE#         136
  C:13CFH         LINE#         137
  C:13D1H         LINE#         138
  -------         ENDPROC       _LCD_INPUT_FLOAT
  -------         PROC          _LCD_MESSAGEBOX
  D:002AH         SYMBOL        text
  D:002DH         SYMBOL        text2
  C:1FE4H         LINE#         139
  C:1FEAH         LINE#         140
  C:1FEDH         LINE#         141
  C:1FF9H         LINE#         142
  C:2006H         LINE#         143
  C:200FH         LINE#         144
  C:2012H         LINE#         145
  -------         ENDPROC       _LCD_MESSAGEBOX
  -------         PROC          _LCD_DIALOG
  D:002AH         SYMBOL        text
  D:002DH         SYMBOL        button1_text
  D:0030H         SYMBOL        button2_text
  -------         DO            
  B:0020H.0       SYMBOL        Answer
  -------         ENDDO         
  C:13D2H         LINE#         147
  C:13D8H         LINE#         148
  C:13DAH         LINE#         149
  C:13DDH         LINE#         150
  C:13E9H         LINE#         151
  C:13F5H         LINE#         152
  C:13FAH         LINE#         153
  C:1407H         LINE#         154
BL51 BANKED LINKER/LOCATER V6.22                                                      08/25/2013  12:48:37  PAGE 18


  C:1414H         LINE#         155
  C:1421H         LINE#         156
  C:142EH         LINE#         157
  C:143BH         LINE#         158
  C:1443H         LINE#         159
  C:1452H         LINE#         161
  C:1454H         LINE#         162
  C:1459H         LINE#         163
  C:1464H         LINE#         164
  C:1471H         LINE#         165
  C:147EH         LINE#         166
  C:1484H         LINE#         167
  C:1486H         LINE#         168
  C:1491H         LINE#         169
  C:149EH         LINE#         170
  C:14ABH         LINE#         171
  C:14B8H         LINE#         172
  C:14B8H         LINE#         173
  C:14BAH         LINE#         174
  C:14BDH         LINE#         175
  C:14C4H         LINE#         176
  C:14C6H         LINE#         178
  -------         ENDPROC       _LCD_DIALOG
  -------         PROC          _LCD_MENU
  D:0053H         SYMBOL        item_number
  D:0054H         SYMBOL        items
  -------         DO            
  D:0057H         SYMBOL        item_select
  D:0058H         SYMBOL        i
  D:0059H         SYMBOL        x
  D:005AH         SYMBOL        y
  B:0020H.2       SYMBOL        reDraw
  -------         ENDDO         
  C:0D13H         LINE#         180
  C:0D1BH         LINE#         181
  C:0D1EH         LINE#         182
  C:0D20H         LINE#         184
  C:0D22H         LINE#         185
  C:0D25H         LINE#         186
  C:0D2DH         LINE#         188
  C:0D2DH         LINE#         189
  C:0D39H         LINE#         190
  C:0D3BH         LINE#         191
  C:0D45H         LINE#         192
  C:0D4FH         LINE#         193
  C:0D51H         LINE#         194
  C:0D53H         LINE#         195
  C:0D5FH         LINE#         196
  C:0D67H         LINE#         197
  C:0D67H         LINE#         199
  C:0DA8H         LINE#         200
  C:0DB2H         LINE#         201
  C:0DBAH         LINE#         202
  C:0DBDH         LINE#         203
  C:0DCCH         LINE#         204
  C:0DD3H         LINE#         205
  C:0DECH         LINE#         206
BL51 BANKED LINKER/LOCATER V6.22                                                      08/25/2013  12:48:37  PAGE 19


  C:0DECH         LINE#         207
  C:0DECH         LINE#         208
  C:0DFEH         LINE#         209
  C:0E0BH         LINE#         210
  C:0E16H         LINE#         211
  C:0E18H         LINE#         212
  C:0E25H         LINE#         213
  C:0E35H         LINE#         214
  C:0E35H         LINE#         215
  C:0E3AH         LINE#         216
  C:0E3CH         LINE#         217
  C:0E4EH         LINE#         218
  C:0E51H         LINE#         219
  C:0E58H         LINE#         220
  C:0E5AH         LINE#         221
  -------         ENDPROC       _LCD_MENU
  -------         PROC          _LCD_CHANGESTRING
  D:002AH         SYMBOL        text
  D:002DH         SYMBOL        str
  D:0030H         SYMBOL        lowerChar
  D:0031H         SYMBOL        upperChar
  -------         DO            
  D:0032H         SYMBOL        idx
  -------         ENDDO         
  C:177DH         LINE#         223
  C:1783H         LINE#         225
  C:1786H         LINE#         226
  C:1789H         LINE#         227
  C:1795H         LINE#         228
  C:17A9H         LINE#         229
  C:17ACH         LINE#         230
  C:17AFH         LINE#         231
  C:17B3H         LINE#         232
  C:17B6H         LINE#         233
  C:17BBH         LINE#         235
  C:17CCH         LINE#         236
  C:17CEH         LINE#         237
  C:17DDH         LINE#         238
  C:17ECH         LINE#         239
  C:180BH         LINE#         241
  C:180EH         LINE#         242
  C:1811H         LINE#         243
  C:1813H         LINE#         244
  C:1829H         LINE#         245
  C:1831H         LINE#         246
  C:1834H         LINE#         248
  C:1839H         LINE#         250
  C:183CH         LINE#         251
  -------         ENDPROC       _LCD_CHANGESTRING
  -------         PROC          LCD_DRAWMODE
  C:2246H         LINE#         253
  C:2246H         LINE#         254
  C:2249H         LINE#         255
  C:224EH         LINE#         256
  -------         ENDPROC       LCD_DRAWMODE
  -------         PROC          _LCD_DRAWSUBLINE
  D:0075H         SYMBOL        str
BL51 BANKED LINKER/LOCATER V6.22                                                      08/25/2013  12:48:37  PAGE 20


  C:20FDH         LINE#         260
  C:2103H         LINE#         261
  C:2108H         LINE#         263
  C:210DH         LINE#         264
  C:211AH         LINE#         265
  C:211FH         LINE#         266
  C:2122H         LINE#         267
  -------         ENDPROC       _LCD_DRAWSUBLINE
  -------         PROC          LCD_CLEARSUBLINE
  C:21B1H         LINE#         268
  C:21B1H         LINE#         269
  C:21B6H         LINE#         270
  C:21C3H         LINE#         271
  -------         ENDPROC       LCD_CLEARSUBLINE
  -------         PROC          _LCD_DRAWPICTURE
  D:002AH         SYMBOL        picture
  D:002DH         SYMBOL        i
  -------         DO            
  D:002FH         SYMBOL        mx
  D:0030H         SYMBOL        my
  D:0031H         SYMBOL        Pdat
  -------         ENDDO         
  C:0E5BH         LINE#         274
  C:0E65H         LINE#         277
  C:0E68H         LINE#         278
  C:0E6AH         LINE#         279
  C:0E73H         LINE#         280
  C:0E7CH         LINE#         282
  C:0E7CH         LINE#         284
  C:0E7CH         LINE#         285
  C:0E7CH         LINE#         286
  C:0E7CH         LINE#         287
  C:0E7CH         LINE#         288
  C:0E7CH         LINE#         289
  C:0E7CH         LINE#         290
  C:0E7CH         LINE#         291
  C:0E7CH         LINE#         292
  C:0E7CH         LINE#         293
  C:0E7CH         LINE#         294
  C:0E7CH         LINE#         295
  C:0E7CH         LINE#         296
  C:0E7CH         LINE#         297
  C:0E7CH         LINE#         298
  C:0E7CH         LINE#         299
  C:0E7CH         LINE#         300
  C:0E7CH         LINE#         301
  C:0E7CH         LINE#         302
  C:0E7CH         LINE#         303
  C:0E7CH         LINE#         304
  C:0E7CH         LINE#         305
  C:0E7CH         LINE#         306
  C:0E7CH         LINE#         307
  C:0E7CH         LINE#         308
  C:0E7CH         LINE#         309
  C:0E7CH         LINE#         310
  C:0E7CH         LINE#         311
  C:0E7CH         LINE#         312
BL51 BANKED LINKER/LOCATER V6.22                                                      08/25/2013  12:48:37  PAGE 21


  C:0E7CH         LINE#         313
  C:0E7CH         LINE#         314
  C:0E7CH         LINE#         315
  C:0E7CH         LINE#         316
  C:0E7CH         LINE#         317
  C:0E7CH         LINE#         318
  C:0E7CH         LINE#         319
  C:0E7CH         LINE#         320
  C:0E7CH         LINE#         321
  C:0E7CH         LINE#         322
  C:0E7CH         LINE#         323
  C:0E7CH         LINE#         324
  C:0E7CH         LINE#         325
  C:0E7CH         LINE#         326
  C:0E7CH         LINE#         327
  C:0E7CH         LINE#         328
  C:0E7CH         LINE#         329
  C:0E7CH         LINE#         330
  C:0E7CH         LINE#         331
  C:0E7CH         LINE#         332
  C:0E7CH         LINE#         333
  C:0E7CH         LINE#         334
  C:0E7CH         LINE#         335
  C:0E7CH         LINE#         336
  C:0E7CH         LINE#         337
  C:0E7CH         LINE#         338
  C:0E7CH         LINE#         339
  C:0E7CH         LINE#         340
  C:0E7CH         LINE#         341
  C:0E7CH         LINE#         342
  C:0E7CH         LINE#         343
  C:0E7CH         LINE#         344
  C:0E7CH         LINE#         345
  C:0E7CH         LINE#         346
  C:0E7CH         LINE#         347
  C:0E7CH         LINE#         348
  C:0E7CH         LINE#         349
  C:0E7CH         LINE#         350
  C:0E7CH         LINE#         351
  C:0E7CH         LINE#         353
  C:0E7CH         LINE#         354
  C:0E7CH         LINE#         355
  C:0E7CH         LINE#         356
  C:0E7CH         LINE#         357
  C:0E7CH         LINE#         358
  C:0E7CH         LINE#         359
  C:0E7CH         LINE#         360
  C:0E7CH         LINE#         361
  C:0E7CH         LINE#         362
  C:0E7CH         LINE#         363
  C:0E7CH         LINE#         364
  C:0E7CH         LINE#         365
  C:0E7CH         LINE#         366
  C:0E7CH         LINE#         367
  C:0E7CH         LINE#         368
  C:0E7CH         LINE#         369
  C:0E7CH         LINE#         370
BL51 BANKED LINKER/LOCATER V6.22                                                      08/25/2013  12:48:37  PAGE 22


  C:0E7CH         LINE#         371
  C:0E7CH         LINE#         372
  C:0E7CH         LINE#         373
  C:0E7CH         LINE#         374
  C:0E7CH         LINE#         375
  C:0E7CH         LINE#         376
  C:0E7CH         LINE#         377
  C:0E7CH         LINE#         378
  C:0E7CH         LINE#         379
  C:0E7CH         LINE#         380
  C:0E7CH         LINE#         381
  C:0E7CH         LINE#         382
  C:0E7CH         LINE#         383
  C:0E7CH         LINE#         384
  C:0E7CH         LINE#         385
  C:0E7CH         LINE#         386
  C:0E7CH         LINE#         387
  C:0E7CH         LINE#         388
  C:0E7CH         LINE#         389
  C:0E7CH         LINE#         390
  C:0E7CH         LINE#         392
  C:0E7CH         LINE#         393
  C:0E7CH         LINE#         394
  C:0E7CH         LINE#         395
  C:0E7CH         LINE#         396
  C:0E7CH         LINE#         400
  C:0E88H         LINE#         402
  C:0E8AH         LINE#         403
  C:0E90H         LINE#         404
  C:0E97H         LINE#         405
  C:0E99H         LINE#         406
  C:0EA0H         LINE#         407
  C:0EA2H         LINE#         408
  C:0EA8H         LINE#         409
  C:0EAFH         LINE#         410
  C:0EB1H         LINE#         411
  C:0EB8H         LINE#         412
  C:0EBAH         LINE#         413
  C:0EBCH         LINE#         414
  C:0EE7H         LINE#         415
  C:0EEEH         LINE#         416
  C:0EFAH         LINE#         417
  C:0EFFH         LINE#         418
  C:0F2AH         LINE#         419
  C:0F2AH         LINE#         420
  C:0F3DH         LINE#         422
  C:0F44H         LINE#         423
  C:0F46H         LINE#         424
  C:0F4DH         LINE#         425
  C:0F4EH         LINE#         426
  C:0F4FH         LINE#         427
  C:0F50H         LINE#         428
  C:0F51H         LINE#         429
  C:0F53H         LINE#         430
  C:0F66H         LINE#         431
  C:0F6DH         LINE#         432
  C:0F6FH         LINE#         433
BL51 BANKED LINKER/LOCATER V6.22                                                      08/25/2013  12:48:37  PAGE 23


  C:0F76H         LINE#         434
  C:0F77H         LINE#         435
  C:0F78H         LINE#         436
  C:0F79H         LINE#         437
  C:0F7AH         LINE#         438
  C:0F7CH         LINE#         440
  C:0F7EH         LINE#         444
  C:0F81H         LINE#         445
  C:0F84H         LINE#         447
  C:0F86H         LINE#         451
  C:0F89H         LINE#         452
  -------         ENDPROC       _LCD_DRAWPICTURE
  -------         ENDMOD        LCD12864

  -------         MODULE        SD
  C:0000H         SYMBOL        _ICE_DUMMY_
  D:0090H         PUBLIC        P1
  B:0090H.1       PUBLIC        SD_DI
  B:0090H.2       PUBLIC        SD_DO
  C:1B09H         PUBLIC        SD_Init
  B:0090H.7       PUBLIC        SD_CS
  D:00A8H         PUBLIC        IE
  D:00B8H         PUBLIC        IP
  C:2085H         SYMBOL        _SD_WriteByte
  D:00D8H         PUBLIC        CCON
  C:11C5H         PUBLIC        _SD_ReadCapacity
  D:0098H         PUBLIC        SCON
  D:0088H         PUBLIC        TCON
  C:1E9DH         SYMBOL        _SD_SendCommand
  B:0090H.3       PUBLIC        SD_CLK
  C:1843H         PUBLIC        _SD_ReadBlock
  C:1C3FH         PUBLIC        _SD_WriteBlock
  D:00D0H         PUBLIC        PSW
  -------         PROC          L?0073
  -------         ENDPROC       L?0073
  -------         PROC          _SD_WRITEBYTE
  D:0007H         SYMBOL        dat
  -------         DO            
  D:0006H         SYMBOL        i
  -------         ENDDO         
  C:2085H         LINE#         14
  C:2085H         LINE#         15
  C:2085H         LINE#         18
  C:2087H         LINE#         19
  C:2087H         LINE#         20
  C:2089H         LINE#         22
  C:208DH         LINE#         23
  C:2091H         LINE#         25
  C:2093H         LINE#         27
  C:2097H         LINE#         29
  C:209AH         LINE#         30
  C:209FH         LINE#         32
  C:20A2H         LINE#         34
  C:20A4H         LINE#         35
  C:20A8H         LINE#         37
  C:20A8H         LINE#         38
  -------         ENDPROC       _SD_WRITEBYTE
BL51 BANKED LINKER/LOCATER V6.22                                                      08/25/2013  12:48:37  PAGE 24


  -------         PROC          _SD_SENDCOMMAND
  D:0005H         SYMBOL        cmd
  D:003CH         SYMBOL        arg
  -------         DO            
  D:0007H         SYMBOL        result
  D:0005H         SYMBOL        retry
  -------         ENDDO         
  C:1E9DH         LINE#         40
  C:1E9FH         LINE#         41
  C:1E9FH         LINE#         51
  C:1EA4H         LINE#         53
  C:1EA6H         LINE#         56
  C:1EADH         LINE#         57
  C:1EB2H         LINE#         58
  C:1EB7H         LINE#         59
  C:1EC7H         LINE#         60
  C:1ECCH         LINE#         64
  C:1ED1H         LINE#         67
  C:1ED3H         LINE#         68
  C:1EDBH         LINE#         69
  C:1EDBH         LINE#         70
  C:1EDCH         LINE#         72
  C:1EE2H         LINE#         73
  C:1EE2H         LINE#         76
  C:1EE4H         LINE#         78
  C:1EE4H         LINE#         79
  -------         ENDPROC       _SD_SENDCOMMAND
  -------         PROC          SD_INIT
  -------         DO            
  D:0007H         SYMBOL        result
  D:0003H         SYMBOL        retry
  D:0005H         SYMBOL        i
  -------         ENDDO         
  C:1B09H         LINE#         84
  C:1B09H         LINE#         85
  C:1B09H         LINE#         86
  C:1B09H         LINE#         90
  C:1B0BH         LINE#         93
  C:1B0DH         LINE#         94
  C:1B16H         LINE#         97
  C:1B18H         LINE#         99
  C:1B18H         LINE#         100
  C:1B25H         LINE#         101
  C:1B26H         LINE#         103
  C:1B2CH         LINE#         104
  C:1B2FH         LINE#         105
  C:1B32H         LINE#         106
  C:1B34H         LINE#         108
  C:1B34H         LINE#         109
  C:1B42H         LINE#         110
  C:1B4BH         LINE#         111
  C:1B4DH         LINE#         113
  C:1B4DH         LINE#         115
  C:1B5BH         LINE#         116
  C:1B69H         LINE#         117
  C:1B72H         LINE#         120
  C:1B72H         LINE#         121
BL51 BANKED LINKER/LOCATER V6.22                                                      08/25/2013  12:48:37  PAGE 25


  C:1B80H         LINE#         122
  C:1B81H         LINE#         124
  C:1B87H         LINE#         125
  C:1B8AH         LINE#         126
  C:1B8DH         LINE#         128
  C:1B9AH         LINE#         129
  C:1BA9H         LINE#         131
  C:1BABH         LINE#         132
  -------         ENDPROC       SD_INIT
  -------         PROC          _SD_READBLOCK
  D:0030H         SYMBOL        sector
  D:0034H         SYMBOL        buffer
  D:0037H         SYMBOL        begin
  D:0039H         SYMBOL        length
  -------         DO            
  D:0007H         SYMBOL        result
  D:0003H         SYMBOL        retry
  D:0004H         SYMBOL        i
  -------         ENDDO         
  C:1843H         LINE#         134
  C:1851H         LINE#         135
  C:1851H         LINE#         140
  C:1853H         LINE#         142
  C:1853H         LINE#         143
  C:186DH         LINE#         144
  C:186EH         LINE#         146
  C:1874H         LINE#         147
  C:1877H         LINE#         148
  C:187AH         LINE#         151
  C:187CH         LINE#         154
  C:1884H         LINE#         156
  C:1890H         LINE#         157
  C:189CH         LINE#         159
  C:18A8H         LINE#         160
  C:18C2H         LINE#         161
  C:18DFH         LINE#         162
  C:18EBH         LINE#         165
  C:18F0H         LINE#         166
  C:18F5H         LINE#         168
  C:18F7H         LINE#         170
  C:18F9H         LINE#         171
  -------         ENDPROC       _SD_READBLOCK
  -------         PROC          _SD_WRITEBLOCK
  D:005BH         SYMBOL        sector
  D:005FH         SYMBOL        buffer
  -------         DO            
  D:0062H         SYMBOL        result
  D:0003H         SYMBOL        retry
  D:0004H         SYMBOL        i
  -------         ENDDO         
  C:1C3FH         LINE#         173
  C:1C4DH         LINE#         174
  C:1C4DH         LINE#         179
  C:1C4FH         LINE#         181
  C:1C4FH         LINE#         182
  C:1C6BH         LINE#         183
  C:1C6CH         LINE#         185
BL51 BANKED LINKER/LOCATER V6.22                                                      08/25/2013  12:48:37  PAGE 26


  C:1C72H         LINE#         186
  C:1C75H         LINE#         187
  C:1C79H         LINE#         189
  C:1C7BH         LINE#         197
  C:1C80H         LINE#         199
  C:1C85H         LINE#         202
  C:1C88H         LINE#         203
  C:1CA6H         LINE#         206
  C:1CABH         LINE#         207
  C:1CB0H         LINE#         210
  C:1CB7H         LINE#         211
  C:1CBFH         LINE#         212
  C:1CBFH         LINE#         213
  C:1CC1H         LINE#         214
  C:1CC4H         LINE#         215
  C:1CC4H         LINE#         218
  C:1CCCH         LINE#         220
  C:1CCEH         LINE#         222
  C:1CD0H         LINE#         223
  -------         ENDPROC       _SD_WRITEBLOCK
  -------         PROC          _SD_READCAPACITY
  D:0008H         SYMBOL        capacity
  -------         DO            
  D:000BH         SYMBOL        csd
  D:0007H         SYMBOL        result
  D:001BH         SYMBOL        i
  D:001DH         SYMBOL        csize
  -------         ENDDO         
  C:11C5H         LINE#         225
  C:11CBH         LINE#         226
  C:11CBH         LINE#         233
  C:11D9H         LINE#         236
  C:11DCH         LINE#         237
  C:11DFH         LINE#         239
  C:11E1H         LINE#         242
  C:11E9H         LINE#         244
  C:11EEH         LINE#         245
  C:120BH         LINE#         248
  C:1210H         LINE#         249
  C:1215H         LINE#         251
  C:1217H         LINE#         254
  C:1223H         LINE#         257
  C:1227H         LINE#         258
  C:1227H         LINE#         259
  C:1253H         LINE#         260
  C:1282H         LINE#         261
  C:129AH         LINE#         262
  C:129AH         LINE#         265
  C:12A2H         LINE#         266
  C:12A2H         LINE#         267
  C:12B6H         LINE#         268
  C:12C9H         LINE#         269
  C:12C9H         LINE#         271
  C:12CBH         LINE#         272
  -------         ENDPROC       _SD_READCAPACITY
  -------         ENDMOD        SD

BL51 BANKED LINKER/LOCATER V6.22                                                      08/25/2013  12:48:37  PAGE 27


  -------         MODULE        ?C?FPADD
  C:000AH         PUBLIC        ?C?FPADD
  C:0006H         PUBLIC        ?C?FPSUB
  -------         ENDMOD        ?C?FPADD

  -------         MODULE        ?C?FPMUL
  C:00FBH         PUBLIC        ?C?FPMUL
  -------         ENDMOD        ?C?FPMUL

  -------         MODULE        ?C?FPCMP
  C:0203H         PUBLIC        ?C?FPCMP
  C:0201H         PUBLIC        ?C?FPCMP3
  -------         ENDMOD        ?C?FPCMP

  -------         MODULE        ?C?FPNEG
  C:026EH         PUBLIC        ?C?FPNEG
  -------         ENDMOD        ?C?FPNEG

  -------         MODULE        ?C?FCAST
  C:0289H         PUBLIC        ?C?FCASTC
  C:0284H         PUBLIC        ?C?FCASTI
  C:027FH         PUBLIC        ?C?FCASTL
  -------         ENDMOD        ?C?FCAST

  -------         MODULE        ?C?CASTF
  C:02BDH         PUBLIC        ?C?CASTF
  -------         ENDMOD        ?C?CASTF

  -------         MODULE        ?C?CLDPTR
  C:033EH         PUBLIC        ?C?CLDPTR
  -------         ENDMOD        ?C?CLDPTR

  -------         MODULE        ?C?CLDOPTR
  C:0357H         PUBLIC        ?C?CLDOPTR
  -------         ENDMOD        ?C?CLDOPTR

  -------         MODULE        ?C?CILDOPTR
  C:0384H         PUBLIC        ?C?CILDOPTR
  -------         ENDMOD        ?C?CILDOPTR

  -------         MODULE        ?C?CSTPTR
  C:03B7H         PUBLIC        ?C?CSTPTR
  -------         ENDMOD        ?C?CSTPTR

  -------         MODULE        ?C?CSTOPTR
  C:03C9H         PUBLIC        ?C?CSTOPTR
  -------         ENDMOD        ?C?CSTOPTR

  -------         MODULE        ?C?IMUL
  C:03EBH         PUBLIC        ?C?IMUL
  -------         ENDMOD        ?C?IMUL

  -------         MODULE        ?C?UIDIV
  C:03FDH         PUBLIC        ?C?UIDIV
  -------         ENDMOD        ?C?UIDIV

  -------         MODULE        ?C?LMUL
BL51 BANKED LINKER/LOCATER V6.22                                                      08/25/2013  12:48:37  PAGE 28


  C:0452H         PUBLIC        ?C?LMUL
  -------         ENDMOD        ?C?LMUL

  -------         MODULE        ?C?ULDIV
  C:04DDH         PUBLIC        ?C?ULDIV
  -------         ENDMOD        ?C?ULDIV

  -------         MODULE        ?C?SLDIV
  C:1EE5H         PUBLIC        ?C?SLDIV
  -------         ENDMOD        ?C?SLDIV

  -------         MODULE        ?C?LNEG
  C:056FH         PUBLIC        ?C?LNEG
  -------         ENDMOD        ?C?LNEG

  -------         MODULE        ?C?ULCMP
  C:057DH         PUBLIC        ?C?ULCMP
  -------         ENDMOD        ?C?ULCMP

  -------         MODULE        ?C?ULSHR
  C:058EH         PUBLIC        ?C?ULSHR
  -------         ENDMOD        ?C?ULSHR

  -------         MODULE        ?C?LSHL
  C:05A1H         PUBLIC        ?C?LSHL
  -------         ENDMOD        ?C?LSHL

  -------         MODULE        ?C?LSTPTR
  C:05B4H         PUBLIC        ?C?LSTPTR
  -------         ENDMOD        ?C?LSTPTR

  -------         MODULE        ?C?LSTIDATA
  C:05CEH         PUBLIC        ?C?LSTIDATA
  -------         ENDMOD        ?C?LSTIDATA

  -------         MODULE        ?C?LSTXDATA
  C:05DAH         PUBLIC        ?C?LSTXDATA
  -------         ENDMOD        ?C?LSTXDATA

  -------         MODULE        ?C?LSTPDATA
  C:05E6H         PUBLIC        ?C?LSTPDATA
  -------         ENDMOD        ?C?LSTPDATA

*** WARNING L16: UNCALLED SEGMENT, IGNORED FOR OVERLAY PROCESS
    SEGMENT: ?PR?_SETINTERRUPTPRIORITY?COMM

*** WARNING L16: UNCALLED SEGMENT, IGNORED FOR OVERLAY PROCESS
    SEGMENT: ?PR?SEND_TAB?SERIAL

*** WARNING L16: UNCALLED SEGMENT, IGNORED FOR OVERLAY PROCESS
    SEGMENT: ?PR?_SEND_UINT?SERIAL

*** WARNING L16: UNCALLED SEGMENT, IGNORED FOR OVERLAY PROCESS
    SEGMENT: ?PR?_SEND_FLOAT?SERIAL

*** WARNING L16: UNCALLED SEGMENT, IGNORED FOR OVERLAY PROCESS
    SEGMENT: ?PR?_SEND_WEEK?SERIAL
BL51 BANKED LINKER/LOCATER V6.22                                                      08/25/2013  12:48:37  PAGE 29



*** WARNING L16: UNCALLED SEGMENT, IGNORED FOR OVERLAY PROCESS
    SEGMENT: ?PR?_KEYPRESS?KEYBOARD

*** WARNING L16: UNCALLED SEGMENT, IGNORED FOR OVERLAY PROCESS
    SEGMENT: ?PR?_LCD12864_WRITEDATA2?LCD12864

*** WARNING L16: UNCALLED SEGMENT, IGNORED FOR OVERLAY PROCESS
    SEGMENT: ?PR?_LCD_INPUT_STR?LCD12864

*** WARNING L16: UNCALLED SEGMENT, IGNORED FOR OVERLAY PROCESS
    SEGMENT: ?PR?_LCD_INPUT_FLOAT?LCD12864

*** WARNING L16: UNCALLED SEGMENT, IGNORED FOR OVERLAY PROCESS
    SEGMENT: ?PR?_LCD_MENU?LCD12864

*** WARNING L16: UNCALLED SEGMENT, IGNORED FOR OVERLAY PROCESS
    SEGMENT: ?PR?_LCD_DRAWSUBLINE?LCD12864

*** WARNING L16: UNCALLED SEGMENT, IGNORED FOR OVERLAY PROCESS
    SEGMENT: ?PR?_SD_WRITEBLOCK?SD

*** WARNING L16: UNCALLED SEGMENT, IGNORED FOR OVERLAY PROCESS
    SEGMENT: ?PR?_SD_READCAPACITY?SD

Program Size: data=122.3 xdata=1037 code=8828
LINK/LOCATE RUN COMPLETE.  13 WARNING(S),  0 ERROR(S)
